Hello,<br>
You have been invited to join lakeFS<br>
Browse to <a href=3D"/auth/users/create?paramx=3Dfoo&amp;paramy=3Dbar">lake=
FS user activation page</a> to set up your account<br>
Thanks<br>
The lakeFS team<br>
