Path: ro_1k.1
Modified Time: <DATE> <TIME> <TZ>
Size: 1024 bytes
Human Size: 1.0 kB
Physical Address: ${STORAGE}/<OBJECT_KEY>
Checksum: fcb4497459c8f23e68f00c59aa8b4b23
Content-Type: application/octet-stream
