Branch: lakefs://${REPO}/${BRANCH}
Commit for branch "${BRANCH}" completed.

ID: <COMMIT_ID>
Message: nessie_lakectl:TestCommit
Timestamp: <DATE> <TIME> <TZ>
Parents: <COMMIT_ID>

