
ID:            <COMMIT_ID>
Date:          <DATE> <TIME> <TZ>

	Repository created
	
	
