${REPO1}	<DATE> <TIME> <TZ>	${BRANCH1}	${STORAGE1}
${REPO2}	<DATE> <TIME> <TZ>	${BRANCH2}	${STORAGE2}

