Branch: lakefs://${REPO}/${BRANCH}
Commit for branch "${BRANCH}" completed.

ID: <COMMIT_ID>
Message:  
Timestamp: <DATE> <TIME> <TZ>
Parents: <COMMIT_ID>

