Repository: lakefs://${REPO}
Repository '${REPO}' deleted
