${LIST_DIR}	lakefs://${REPO}/${REF}/${PREFIX}	<COMMIT_ID>
