commit with no message without specifying the "--allow-empty-message" flag
Error executing command.
