User created successfully.
ID: ${ID}
Creation Date: <DATE> <TIME> <TZ>
