${SOURCE_BRANCH}	<COMMIT_ID>
${DEST_BRANCH}	<COMMIT_ID>

