
ID:            <COMMIT_ID>
Author:        esti
Date:          <DATE> <TIME> <TZ>

	${MESSAGE}
	
	
ID:            <COMMIT_ID>
Author:        esti
Date:          <DATE> <TIME> <TZ>

	 
	
	
ID:            <COMMIT_ID>
Date:          <DATE> <TIME> <TZ>

	Repository created
	
	
