It looks like endpoint url is wrong.

Suspicious URI format for server.endpoint_url: ${HOST}/api/v11
