
ID:            <COMMIT_ID>
Author:        ${AUTHOR}
Date:          <DATE> <TIME> <TZ>

	${MESSAGE}

Metadata:
	
	.lakefs.merge.strategy = default
	
	key1               = value1
	
	key2               = value2
	
