Download: lakefs://${REPO}/${BRANCH}/${PATH}/${FILE_PREFIX}.0 to ${FILE_PREFIX}.0
Download: lakefs://${REPO}/${BRANCH}/${PATH}/${FILE_PREFIX}.1 to ${FILE_PREFIX}.1
Download: lakefs://${REPO}/${BRANCH}/${PATH}/${FILE_PREFIX}.2 to ${FILE_PREFIX}.2
Download: lakefs://${REPO}/${BRANCH}/${PATH}/${FILE_PREFIX}.3 to ${FILE_PREFIX}.3
Download: lakefs://${REPO}/${BRANCH}/${PATH}/${FILE_PREFIX}.4 to ${FILE_PREFIX}.4
