Download: lakefs://${REPO}/${BRANCH}/${PATH}/${FILE} to ${DEST}/${FILE}
