Repository: ${REPO}
Found commit lakefs://${REPO}/<COMMIT_ID> commit3
