Tag ref: lakefs://${REPO}/${TAG}
Created tag '${TAG}' ({<COMMIT_ID> ${TAG}})
