Invalid 'repository': parsing ${REPO}: malformed lakefs uri
Error executing command.
