It seems like the `access_key_id` or `secret_access_key` you supplied are wrong.
error authenticating request
