You need to start by "bisect start"
Error executing command.
