aaa/            esti                 <COMMIT_ID_16>     <DATE> <TIME> <TZ>  commit #3
iii/            esti                 <COMMIT_ID_16>     <DATE> <TIME> <TZ>  commit #4
mmm             esti                 <COMMIT_ID_16>     <DATE> <TIME> <TZ>  commit #4
