Import of ${OBJECTS} object(s) into "${IMPORTED_BRANCH}" completed.
MetaRange ID: <COMMIT_ID>
Commit ID: <COMMIT_ID>
Message: Import objects
Timestamp: <DATE> <TIME> <TZ>
Parents: <COMMIT_ID>
