usage report is not enabled
Error executing command.
