lakeFS path ${PATH} is an existing object and cannot be used as a reference source
Error executing command.
