could not find lakefs reference file in path ${LOCAL_DIR} or parents: file does not exist
Error executing command.
