error reading configuration file: open not_exits.yaml: no such file or directory
Error executing command.
