Source: lakefs://${REPO}/${SOURCE_BRANCH}
Desti  nation: lakefs://${REPO}/${DEST_BRANCH}
Merged "${SOURCE_BRANCH}" into "${DEST_BRANCH}" to get "<COMMIT_ID>".