
ID:            <COMMIT_ID>
Author:        esti
Date:          <DATE> <TIME> <TZ>
Meta Range ID: <COMMIT_ID>

	commit4

ID:            <COMMIT_ID>
Author:        esti
Date:          <DATE> <TIME> <TZ>
Meta Range ID: <COMMIT_ID>

	commit3
