
ID:            <COMMIT_ID>
Author:        ${AUTHOR}
Date:          ${DATE}

	${MESSAGE}
