aaa/bbb/ccc     esti                 <COMMIT_ID_16>     <DATE> <TIME> <TZ>  commit #1
aaa/bbb/ddd     esti                 <COMMIT_ID_16>     <DATE> <TIME> <TZ>  commit #1
aaa/bbb/eee     esti                 <COMMIT_ID_16>     <DATE> <TIME> <TZ>  commit #2
aaa/fff/ggg     esti                 <COMMIT_ID_16>     <DATE> <TIME> <TZ>  commit #3
aaa/fff/ggh     esti                 <COMMIT_ID_16>     <DATE> <TIME> <TZ>  commit #3
aaa/hhh         esti                 <COMMIT_ID_16>     <DATE> <TIME> <TZ>  commit #3
iii/jjj         esti                 <COMMIT_ID_16>     <DATE> <TIME> <TZ>  commit #4
iii/kkk/lll     esti                 <COMMIT_ID_16>     <DATE> <TIME> <TZ>  commit #4
mmm             esti                 <COMMIT_ID_16>     <DATE> <TIME> <TZ>  commit #4
