Download: lakefs://${REPO}/${BRANCH}/${PATH}/${FILE} to ${FILE}
